// Jest Snapshot v1, https://goo.gl/fbAQLP

exports[`<Button> should render component 1`] = `
<button
  className="p-4 my-4 bg-undefined text-undefined w-full rounded-lg"
/>
`;
