// Jest Snapshot v1, https://goo.gl/fbAQLP

exports[`<Error> should render component 1`] = `
<div>
  <h2>
    Error: Page Not Found
  </h2>
  <p>
    The requested page does not exist.
  </p>
</div>
`;
